// Jest Snapshot v1, https://goo.gl/fbAQLP

exports[`LocationSection renders correctly 1`] = `
<div
  className="container max-w-screen-xl m-auto p-10 max-md:px-5"
>
  <div
    className=" flex justify-between max-md:flex-col pt-12 gap-5"
    name="main"
  >
    <div
      className=" h-fit m-auto"
      name="Photo"
    >
      <img
        alt="world-map"
        src="world-map.svg"
      />
    </div>
    <div
      className=" h-fit md:w-1/2 flex justify-center flex-col align-middle max-md:mt-5"
      name="paragraphs"
    >
      <div
        className=" "
      >
        <div
          className="slick-slider slick-initialized"
          dir="ltr"
        >
          <button
            className="slick-arrow slick-prev"
            data-role="none"
            onClick={[Function]}
            style={
              Object {
                "display": "block",
              }
            }
            type="button"
          >
             
            Previous
          </button>
          <div
            className="slick-list"
            onClick={[Function]}
            onKeyDown={[Function]}
            onMouseDown={[Function]}
            onMouseLeave={null}
            onMouseMove={null}
            onMouseUp={[Function]}
            onTouchCancel={null}
            onTouchEnd={[Function]}
            onTouchMove={null}
            onTouchStart={[Function]}
            style={Object {}}
          >
            <div
              className="slick-track"
              onMouseEnter={[Function]}
              onMouseLeave={[Function]}
              onMouseOver={[Function]}
              style={
                Object {
                  "WebkitTransform": "translate3d(0px, 0px, 0px)",
                  "WebkitTransition": "",
                  "msTransform": "translateX(0px)",
                  "opacity": 1,
                  "transform": "translate3d(0px, 0px, 0px)",
                  "transition": "",
                }
              }
            >
              <div
                aria-hidden={true}
                className="slick-slide slick-cloned"
                data-index={-1}
                onClick={[Function]}
                style={
                  Object {
                    "width": 0,
                  }
                }
                tabIndex="-1"
              >
                <div>
                  <div>
                    <p
                      className=" max-md:text-lg max-md:text-center sm:text-xl text-base"
                    >
                      home.location.text4
                    </p>
                    <p
                      className="pt-8 max-md:text-center"
                    >
                      Rabia,
                      <br />
                      home.location.team
                    </p>
                  </div>
                </div>
              </div>
              <div
                aria-hidden={false}
                className="slick-slide slick-active slick-current"
                data-index={0}
                onClick={[Function]}
                style={
                  Object {
                    "outline": "none",
                    "width": 0,
                  }
                }
                tabIndex="-1"
              >
                <div>
                  <div>
                    <p
                      className=" max-md:text-lg max-md:text-center sm:text-xl text-base"
                    >
                      home.location.text1
                    </p>
                    <p
                      className="pt-8 max-md:text-center"
                    >
                      Omer,
                      <br />
                      home.location.team
                    </p>
                  </div>
                </div>
              </div>
              <div
                aria-hidden={true}
                className="slick-slide"
                data-index={1}
                onClick={[Function]}
                style={
                  Object {
                    "outline": "none",
                    "width": 0,
                  }
                }
                tabIndex="-1"
              >
                <div>
                  <div>
                    <p
                      className=" max-md:text-lg max-md:text-center sm:text-xl text-base"
                    >
                      home.location.text2
                    </p>
                    <p
                      className="pt-8 max-md:text-center"
                    >
                      Ahmad,
                      <br />
                      home.location.team
                    </p>
                  </div>
                </div>
              </div>
              <div
                aria-hidden={true}
                className="slick-slide"
                data-index={2}
                onClick={[Function]}
                style={
                  Object {
                    "outline": "none",
                    "width": 0,
                  }
                }
                tabIndex="-1"
              >
                <div>
                  <div>
                    <p
                      className=" max-md:text-lg max-md:text-center sm:text-xl text-base"
                    >
                      home.location.text3
                    </p>
                    <p
                      className="pt-8 max-md:text-center"
                    >
                      Miray,
                      <br />
                      home.location.team
                    </p>
                  </div>
                </div>
              </div>
              <div
                aria-hidden={true}
                className="slick-slide"
                data-index={3}
                onClick={[Function]}
                style={
                  Object {
                    "outline": "none",
                    "width": 0,
                  }
                }
                tabIndex="-1"
              >
                <div>
                  <div>
                    <p
                      className=" max-md:text-lg max-md:text-center sm:text-xl text-base"
                    >
                      home.location.text4
                    </p>
                    <p
                      className="pt-8 max-md:text-center"
                    >
                      Rabia,
                      <br />
                      home.location.team
                    </p>
                  </div>
                </div>
              </div>
              <div
                aria-hidden={true}
                className="slick-slide slick-cloned"
                data-index={4}
                onClick={[Function]}
                style={
                  Object {
                    "width": 0,
                  }
                }
                tabIndex="-1"
              >
                <div>
                  <div>
                    <p
                      className=" max-md:text-lg max-md:text-center sm:text-xl text-base"
                    >
                      home.location.text1
                    </p>
                    <p
                      className="pt-8 max-md:text-center"
                    >
                      Omer,
                      <br />
                      home.location.team
                    </p>
                  </div>
                </div>
              </div>
              <div
                aria-hidden={true}
                className="slick-slide slick-cloned"
                data-index={5}
                onClick={[Function]}
                style={
                  Object {
                    "width": 0,
                  }
                }
                tabIndex="-1"
              >
                <div>
                  <div>
                    <p
                      className=" max-md:text-lg max-md:text-center sm:text-xl text-base"
                    >
                      home.location.text2
                    </p>
                    <p
                      className="pt-8 max-md:text-center"
                    >
                      Ahmad,
                      <br />
                      home.location.team
                    </p>
                  </div>
                </div>
              </div>
              <div
                aria-hidden={true}
                className="slick-slide slick-cloned"
                data-index={6}
                onClick={[Function]}
                style={
                  Object {
                    "width": 0,
                  }
                }
                tabIndex="-1"
              >
                <div>
                  <div>
                    <p
                      className=" max-md:text-lg max-md:text-center sm:text-xl text-base"
                    >
                      home.location.text3
                    </p>
                    <p
                      className="pt-8 max-md:text-center"
                    >
                      Miray,
                      <br />
                      home.location.team
                    </p>
                  </div>
                </div>
              </div>
              <div
                aria-hidden={true}
                className="slick-slide slick-cloned"
                data-index={7}
                onClick={[Function]}
                style={
                  Object {
                    "width": 0,
                  }
                }
                tabIndex="-1"
              >
                <div>
                  <div>
                    <p
                      className=" max-md:text-lg max-md:text-center sm:text-xl text-base"
                    >
                      home.location.text4
                    </p>
                    <p
                      className="pt-8 max-md:text-center"
                    >
                      Rabia,
                      <br />
                      home.location.team
                    </p>
                  </div>
                </div>
              </div>
            </div>
          </div>
          <button
            className="slick-arrow slick-next"
            data-role="none"
            onClick={[Function]}
            style={
              Object {
                "display": "block",
              }
            }
            type="button"
          >
             
            Next
          </button>
          <ul
            className="slick-dots"
            onMouseEnter={null}
            onMouseLeave={null}
            onMouseOver={null}
            style={
              Object {
                "display": "block",
              }
            }
          >
            <li
              className="slick-active"
            >
              <button
                onClick={[Function]}
              >
                1
              </button>
            </li>
            <li
              className=""
            >
              <button
                onClick={[Function]}
              >
                2
              </button>
            </li>
            <li
              className=""
            >
              <button
                onClick={[Function]}
              >
                3
              </button>
            </li>
            <li
              className=""
            >
              <button
                onClick={[Function]}
              >
                4
              </button>
            </li>
          </ul>
        </div>
      </div>
    </div>
  </div>
</div>
`;
