// Jest Snapshot v1, https://goo.gl/fbAQLP

exports[`Jest Snapshot testing suite Matches DOM Snapshot 1`] = `
<section
  className="bg-emerald-50"
  name="about"
>
  <div
    className="text-center lg:p-20 lg:mx-10 max-lg:pt-10 "
    name="about-header"
  >
    <h1
      className="text-cyan-600 lg:pb-8 font-bold text-4xl max-lg:mb-4"
    >
      About
    </h1>
    <p
      className="mx-20 lg:px-40 lg:pb-10"
    >
      Lorem, ipsum dolor sit amet consectetur adipisicing elit. Nulla est non repellat officia odio. Ipsam veniam, laudantium dolores praesentium nisi soluta impedit quae, suscipit fugit eveniet, qui tempora fugiat veritatis! Lorem ipsum dolor sit amet consectetur adipisicing elit. Vitae nostrum, sint eius voluptatum cum ratione labore expedita similique iste facilis sed totam cupiditate vero inventore reiciendis dolorem dolorum accusantium voluptatibus!
    </p>
    <button
      className="inline-block px-10 py-2.5 bg-cyan-600 text-white font-medium text-l leading-tight 
 rounded-full shadow-md
 ease-in duration-300 hover:bg-purple-700 hover:shadow-lg my-5 hover:scale-110"
      type="button"
    >
      Learn More
    </button>
  </div>
  <div
    className="flex lg:justify-between max-lg:flex-col-reverse max-lg:items-center max-lg:text-center lg:px-20"
    name="about-body"
  >
    <div
      className="flex lg:justify-start "
      name="cards"
    >
      <div
        className="lg:"
        name="left-side-cards"
      >
        <div
          className="lg:p-6  max-w-sm mx-auto lg:space-x-4 "
        >
          <h2
            className="flex  lg:justify-start lg:font-bold max-lg:flex-col max-lg:items-center"
          >
            <img
              alt="about-star"
              className="lg:mx-3 max-lg:w-10"
              src="about-star.svg"
            />
            Reliability
          </h2>
          <p
            className="lg:pt-6 flex-wrap"
          >
            Lorem ipsum dolor sit amet consectetur adipisicing elit. Itaque cum debitis repellendus placeat maiores eaque corrupti rerum? Reiciendis nisi voluptas corrupti, aspernatur autem est vero necessitatibus optio laudantium rerum numquam.
             
          </p>
        </div>
        <div
          className="lg:p-6 max-w-sm mx-auto space-x-4 max-lg:hidden "
        >
          <h2
            className="flex justify-start font-bold"
          >
            <img
              alt="about-star"
              className="mx-3"
              src="about-star.svg"
            />
            Efficiency
          </h2>
          <br />
          <p>
            Lorem ipsum dolor sit amet consectetur adipisicing elit. Laboriosam, quidem sit minus dolore explicabo velit quas temporibus sequi vitae aut ducimus nostrum beatae eveniet atque ullam, quisquam aliquam sed est.
          </p>
        </div>
      </div>
      <div
        className="max-lg:hidden"
        name="right-side-cards"
      >
        <div
          className="lg:p-6 max-w-sm mx-auto space-x-4 "
        >
          <h2
            className="flex justify-start font-bold"
          >
            <img
              alt="about-star"
              className="mx-3"
              src="about-star.svg"
            />
            Motivation
          </h2>
          <br />
          <p>
            Lorem ipsum dolor, sit amet consectetur adipisicing elit. Voluptates, quaerat, molestiae vitae sed aliquid in nostrum laborum obcaecati optio expedita atque ab ipsam veritatis iure iusto similique quibusdam laboriosam sunt.
          </p>
        </div>
        <div
          className="lg:p-6 max-w-sm mx-auto space-x-4"
        >
          <h2
            className="flex justify-start font-bold"
          >
            <img
              alt="about-star"
              className="mx-3"
              src="about-star.svg"
            />
            Creativity
          </h2>
          <br />
          <p>
            Lorem ipsum dolor sit amet consectetur, adipisicing elit. Suscipit ex et commodi consequuntur, vel quis alias perferendis magni minima labore. Totam doloribus incidunt velit odio corrupti beatae quasi minima laudantium.
          </p>
        </div>
      </div>
    </div>
    <div
      className="flex justify-end max-lg:justify-center max-lg:"
      name="side-hero"
    >
      <img
        alt="about-hero"
        className="max-lg:w-1/2"
        src="about-hero.svg"
      />
    </div>
  </div>
  <div
    className="carousel-indicators right-0 bottom-0 left-0 flex justify-start lg:px-20 pb-20 m-10 max-lg:justify-center"
  >
    <button
      aria-current="true"
      aria-label="Slide 1"
      className="rounded-full inline-block p-1 mx-1 border-solid border-2 border-cyan-600 bg-cyan-600"
      data-bs-slide-to="0"
      data-bs-target="#carouselDarkVariant"
    />
    <button
      aria-current="false"
      aria-label="Slide 1"
      className="rounded-full inline-block p-1 mx-1 border-solid border-2 border-gray-300"
      data-bs-slide-to="1"
      data-bs-target="#carouselDarkVariant"
    />
    <button
      aria-current="false"
      aria-label="Slide 1"
      className="rounded-full p-1 mx-1 border-solid border-2 border-gray-300"
      data-bs-slide-to="2"
      data-bs-target="#carouselDarkVariant"
    />
    <button
      aria-current="false"
      aria-label="Slide 1"
      className="rounded-full p-1 mx-1 border-solid border-2 border-gray-300"
      data-bs-slide-to="3"
      data-bs-target="#carouselDarkVariant"
    />
  </div>
</section>
`;
