// Jest Snapshot v1, https://goo.gl/fbAQLP

exports[`Jest Snapshot testing suite Matches DOM Snapshot 1`] = `
<section
  className="flex flex-col h-screen"
  name="story"
>
  <div
    className="bg-gradient-to-t from-gray-300 to-transparent max-w-screen h-1/2"
    name="hero-image"
  >
    <img
      className="w-screen h-full"
      src="aboutp-hero.svg"
    />
  </div>
  <div
    className="max-w-screen h-1/2"
    name="story"
  >
    <h2
      className="text-center text-6xl pt-20 pb-10 font-bold text-cyan-700"
    >
      Our Story
    </h2>
    <div
      className="px-20 mx-20 pb-20"
    >
      <p
        className="text-center px-20 mx-20 font text-xl max-w-screen"
      >
        It is a long established fact that a reader will be distracted by the readable content of a page when looking at its layout. The point of using Lorem Ipsum is that it has a more-or-less normal distribution of letters, as opposed to using \`Content here, content here\`, making it look like readable English.
      </p>
    </div>
  </div>
</section>
`;
